Welcome to the MySQL monitor.  Commands end with ; or \g.
Your MySQL connection id is 33
Server version: 5.6.27-log MySQL Community Server (GPL)

Copyright (c) 2000, 2013, Oracle and/or its affiliates. All rights reserved.

Oracle is a registered trademark of Oracle Corporation and/or its
affiliates. Other names may be trademarks of their respective
owners.

Type 'help;' or '\h' for help. Type '\c' to clear the current input statement.

mysql> show databases;
+--------------------+
| Database           |
+--------------------+
| information_schema |
| innodb             |
| mysql              |
| performance_schema |
| sys                |
+--------------------+
5 rows in set (0.06 sec)

mysql> create database gwrental;
Query OK, 1 row affected (0.06 sec)

mysql> use gwrental;
Database changed
mysql> show tables;
Empty set (0.06 sec)

mysql> \. create.sql
Query OK, 0 rows affected (0.08 sec)

Query OK, 0 rows affected (0.09 sec)

Query OK, 0 rows affected (0.09 sec)

Query OK, 0 rows affected (0.08 sec)

Query OK, 0 rows affected (0.09 sec)

Query OK, 0 rows affected (0.08 sec)

ERROR 1064 (42000): You have an error in your SQL syntax; check the manual that corresponds to your MySQL server version for the right syntax to use near 'Procedure INT NOT NULL,
  VIN INT NOT NULL,
  EmployeeID INT NOT NULL,
  PRIMARY' at line 4
Query OK, 0 rows affected (0.09 sec)

Query OK, 0 rows affected (0.09 sec)

Query OK, 0 rows affected (0.17 sec)

Query OK, 0 rows affected (0.08 sec)

mysql> \. insert.sql
Query OK, 1 row affected, 3 warnings (0.07 sec)

Query OK, 1 row affected, 3 warnings (0.07 sec)

Query OK, 1 row affected, 3 warnings (0.07 sec)

Query OK, 1 row affected, 3 warnings (0.07 sec)

Query OK, 1 row affected, 3 warnings (0.07 sec)

Query OK, 1 row affected, 3 warnings (0.07 sec)

Query OK, 1 row affected, 1 warning (0.06 sec)

Query OK, 1 row affected, 1 warning (0.07 sec)

Query OK, 1 row affected, 1 warning (0.07 sec)

Query OK, 1 row affected, 1 warning (0.07 sec)

Query OK, 1 row affected, 1 warning (0.07 sec)

Query OK, 1 row affected, 1 warning (0.07 sec)

ERROR 1062 (23000): Duplicate entry '1' for key 'PRIMARY'
ERROR 1062 (23000): Duplicate entry '2' for key 'PRIMARY'
Query OK, 1 row affected, 3 warnings (0.07 sec)

Query OK, 1 row affected, 3 warnings (0.06 sec)

Query OK, 1 row affected, 3 warnings (0.07 sec)

Query OK, 1 row affected, 3 warnings (0.07 sec)

Query OK, 1 row affected, 3 warnings (0.07 sec)

Query OK, 1 row affected, 3 warnings (0.07 sec)

Query OK, 1 row affected, 3 warnings (0.07 sec)

Query OK, 1 row affected, 3 warnings (0.07 sec)

Query OK, 1 row affected, 3 warnings (0.07 sec)

Query OK, 1 row affected, 3 warnings (0.06 sec)

Query OK, 1 row affected, 3 warnings (0.07 sec)

Query OK, 1 row affected, 3 warnings (0.07 sec)

Query OK, 1 row affected, 3 warnings (0.07 sec)

Query OK, 1 row affected, 3 warnings (0.07 sec)

Query OK, 1 row affected, 3 warnings (0.07 sec)

Query OK, 1 row affected, 3 warnings (0.06 sec)

Query OK, 1 row affected, 5 warnings (0.07 sec)

ERROR 1062 (23000): Duplicate entry '0' for key 'LicensePlate'
ERROR 1062 (23000): Duplicate entry '0' for key 'LicensePlate'
ERROR 1062 (23000): Duplicate entry '0' for key 'LicensePlate'
ERROR 1062 (23000): Duplicate entry '0' for key 'LicensePlate'
Query OK, 1 row affected, 1 warning (0.07 sec)

Query OK, 1 row affected, 1 warning (0.07 sec)

Query OK, 1 row affected, 1 warning (0.06 sec)

Query OK, 1 row affected, 1 warning (0.08 sec)

Query OK, 1 row affected, 1 warning (0.06 sec)

ERROR 1064 (42000): You have an error in your SQL syntax; check the manual that corresponds to your MySQL server version for the right syntax to use near 'Up Date, Return Date, Daily Rate, Total, CustomerID, RentalOfficeID)
VALUES ('01' at line 1
Query OK, 1 row affected (0.07 sec)

Query OK, 1 row affected (0.06 sec)

Query OK, 1 row affected (0.07 sec)

Query OK, 1 row affected (0.07 sec)

Query OK, 1 row affected (0.07 sec)

Query OK, 1 row affected (0.07 sec)

Query OK, 1 row affected (0.06 sec)

Query OK, 1 row affected (0.07 sec)

Query OK, 1 row affected (0.07 sec)

Query OK, 1 row affected (0.07 sec)

Query OK, 1 row affected (0.07 sec)

ERROR 1064 (42000): You have an error in your SQL syntax; check the manual that corresponds to your MySQL server version for the right syntax to use near 'Procedure)
VALUES ('09', '11111AAAAA', '05/08/2016', 'Oil Change')' at line 1
ERROR 1064 (42000): You have an error in your SQL syntax; check the manual that corresponds to your MySQL server version for the right syntax to use near 'Procedure)
VALUES ('10', '22222BBBBB', '07/27/2016', 'Tire Replacement')' at line 1
ERROR 1064 (42000): You have an error in your SQL syntax; check the manual that corresponds to your MySQL server version for the right syntax to use near 'Procedure)
VALUES ('11', '33333CCCCC', '11/27/2016', 'Annual Maintenance')' at line 1
ERROR 1064 (42000): You have an error in your SQL syntax; check the manual that corresponds to your MySQL server version for the right syntax to use near 'Procedure)
VALUES ('12', '44444DDDDD', '02/08/2017', 'Alignment Check')' at line 1
ERROR 1064 (42000): You have an error in your SQL syntax; check the manual that corresponds to your MySQL server version for the right syntax to use near 'Procedure)
VALUES ('11', '55555EEEEE', '03/11/2017', 'Filter Change')' at line 1
ERROR 1064 (42000): You have an error in your SQL syntax; check the manual that corresponds to your MySQL server version for the right syntax to use near 'Procedure)
VALUES ('10', '22222BBBBB', '04/19/2017', 'Oil Change')' at line 1
ERROR 1452 (23000): Cannot add or update a child row: a foreign key constraint fails (`gwrental`.`RESERVES`, CONSTRAINT `RESERVES_ibfk_2` FOREIGN KEY (`ReservationID`) REFERENCES `RESERVATION` (`ReservationID`))
ERROR 1452 (23000): Cannot add or update a child row: a foreign key constraint fails (`gwrental`.`RESERVES`, CONSTRAINT `RESERVES_ibfk_1` FOREIGN KEY (`VIN`) REFERENCES `VEHICLE` (`VIN`))
ERROR 1452 (23000): Cannot add or update a child row: a foreign key constraint fails (`gwrental`.`RESERVES`, CONSTRAINT `RESERVES_ibfk_1` FOREIGN KEY (`VIN`) REFERENCES `VEHICLE` (`VIN`))
ERROR 1452 (23000): Cannot add or update a child row: a foreign key constraint fails (`gwrental`.`RESERVES`, CONSTRAINT `RESERVES_ibfk_1` FOREIGN KEY (`VIN`) REFERENCES `VEHICLE` (`VIN`))
ERROR 1452 (23000): Cannot add or update a child row: a foreign key constraint fails (`gwrental`.`RESERVES`, CONSTRAINT `RESERVES_ibfk_1` FOREIGN KEY (`VIN`) REFERENCES `VEHICLE` (`VIN`))
ERROR 1452 (23000): Cannot add or update a child row: a foreign key constraint fails (`gwrental`.`INCLUDES`, CONSTRAINT `INCLUDES_ibfk_2` FOREIGN KEY (`ReservationID`) REFERENCES `RESERVATION` (`ReservationID`))
ERROR 1452 (23000): Cannot add or update a child row: a foreign key constraint fails (`gwrental`.`INCLUDES`, CONSTRAINT `INCLUDES_ibfk_2` FOREIGN KEY (`ReservationID`) REFERENCES `RESERVATION` (`ReservationID`))
ERROR 1452 (23000): Cannot add or update a child row: a foreign key constraint fails (`gwrental`.`INCLUDES`, CONSTRAINT `INCLUDES_ibfk_2` FOREIGN KEY (`ReservationID`) REFERENCES `RESERVATION` (`ReservationID`))
ERROR 1452 (23000): Cannot add or update a child row: a foreign key constraint fails (`gwrental`.`INCLUDES`, CONSTRAINT `INCLUDES_ibfk_2` FOREIGN KEY (`ReservationID`) REFERENCES `RESERVATION` (`ReservationID`))
mysql> show tables;
+------------------------+
| Tables_in_gwrental     |
+------------------------+
| ACCESSORY              |
| CUSTOMER               |
| CUSTOMER_PHONE_NO      |
| EMPLOYEE               |
| EMPLOYING              |
| INCLUDES               |
| RENTAL_OFFICE_LOCATION |
| RESERVATION            |
| RESERVES               |
| VEHICLE                |
+------------------------+
10 rows in set (0.06 sec)

mysql> exit;
Welcome to the MySQL monitor.  Commands end with ; or \g.
Your MySQL connection id is 106
Server version: 5.6.27-log MySQL Community Server (GPL)

Copyright (c) 2000, 2013, Oracle and/or its affiliates. All rights reserved.

Oracle is a registered trademark of Oracle Corporation and/or its
affiliates. Other names may be trademarks of their respective
owners.

Type 'help;' or '\h' for help. Type '\c' to clear the current input statement.

mysql> show databases;
+--------------------+
| Database           |
+--------------------+
| information_schema |
| gwrental           |
| innodb             |
| mysql              |
| performance_schema |
| sys                |
+--------------------+
6 rows in set (0.06 sec)

mysql> show databases;
+--------------------+
| Database           |
+--------------------+
| information_schema |
| gwrental           |
| innodb             |
| mysql              |
| performance_schema |
| sys                |
+--------------------+
6 rows in set (0.06 sec)

mysql> drop database gwrental;
Query OK, 10 rows affected (0.13 sec)

mysql> show databases;
+--------------------+
| Database           |
+--------------------+
| information_schema |
| innodb             |
| mysql              |
| performance_schema |
| sys                |
+--------------------+
5 rows in set (0.06 sec)

mysql> create database gwrental;
Query OK, 1 row affected (0.07 sec)

mysql> show databases
    -> ;
+--------------------+
| Database           |
+--------------------+
| information_schema |
| gwrental           |
| innodb             |
| mysql              |
| performance_schema |
| sys                |
+--------------------+
6 rows in set (0.06 sec)

mysql> use gwrental;
Database changed
mysql> \. create.sql
Query OK, 0 rows affected (0.09 sec)

Query OK, 0 rows affected (0.08 sec)

Query OK, 0 rows affected (0.09 sec)

Query OK, 0 rows affected (0.08 sec)

Query OK, 0 rows affected (0.09 sec)

Query OK, 0 rows affected (0.08 sec)

ERROR 1064 (42000): You have an error in your SQL syntax; check the manual that corresponds to your MySQL server version for the right syntax to use near 'Procedure INT NOT NULL,
  VIN INT NOT NULL,
  EmployeeID INT NOT NULL,
  PRIMARY' at line 4
Query OK, 0 rows affected (0.09 sec)

Query OK, 0 rows affected (0.08 sec)

Query OK, 0 rows affected (0.09 sec)

Query OK, 0 rows affected (0.08 sec)

mysql> \. insert.sql
Query OK, 1 row affected, 3 warnings (0.07 sec)

Query OK, 1 row affected, 3 warnings (0.07 sec)

Query OK, 1 row affected, 3 warnings (0.07 sec)

Query OK, 1 row affected, 3 warnings (0.06 sec)

Query OK, 1 row affected, 3 warnings (0.07 sec)

Query OK, 1 row affected, 3 warnings (0.07 sec)

Query OK, 1 row affected, 1 warning (0.07 sec)

Query OK, 1 row affected, 1 warning (0.07 sec)

Query OK, 1 row affected, 1 warning (0.07 sec)

Query OK, 1 row affected, 1 warning (0.06 sec)

Query OK, 1 row affected, 1 warning (0.07 sec)

Query OK, 1 row affected, 1 warning (0.07 sec)

ERROR 1062 (23000): Duplicate entry '1' for key 'PRIMARY'
ERROR 1062 (23000): Duplicate entry '2' for key 'PRIMARY'
Query OK, 1 row affected, 3 warnings (0.07 sec)

Query OK, 1 row affected, 3 warnings (0.07 sec)

Query OK, 1 row affected, 3 warnings (0.06 sec)

Query OK, 1 row affected, 3 warnings (0.07 sec)

Query OK, 1 row affected, 3 warnings (0.07 sec)

Query OK, 1 row affected, 3 warnings (0.07 sec)

Query OK, 1 row affected, 3 warnings (0.07 sec)

Query OK, 1 row affected, 3 warnings (0.07 sec)

Query OK, 1 row affected, 3 warnings (0.07 sec)

Query OK, 1 row affected, 3 warnings (0.06 sec)

Query OK, 1 row affected, 3 warnings (0.08 sec)

Query OK, 1 row affected, 3 warnings (0.06 sec)

Query OK, 1 row affected, 3 warnings (0.07 sec)

Query OK, 1 row affected, 3 warnings (0.07 sec)

Query OK, 1 row affected, 3 warnings (0.07 sec)

Query OK, 1 row affected, 3 warnings (0.07 sec)

Query OK, 1 row affected, 5 warnings (0.07 sec)

ERROR 1062 (23000): Duplicate entry '0' for key 'LicensePlate'
ERROR 1062 (23000): Duplicate entry '0' for key 'LicensePlate'
ERROR 1062 (23000): Duplicate entry '0' for key 'LicensePlate'
ERROR 1062 (23000): Duplicate entry '0' for key 'LicensePlate'
Query OK, 1 row affected, 1 warning (0.07 sec)

Query OK, 1 row affected, 1 warning (0.07 sec)

Query OK, 1 row affected, 1 warning (0.07 sec)

Query OK, 1 row affected, 1 warning (0.07 sec)

Query OK, 1 row affected, 1 warning (0.07 sec)

ERROR 1064 (42000): You have an error in your SQL syntax; check the manual that corresponds to your MySQL server version for the right syntax to use near 'Up Date, Return Date, Daily Rate, Total, CustomerID, RentalOfficeID)
VALUES ('01' at line 1
Query OK, 1 row affected (0.07 sec)

Query OK, 1 row affected (0.07 sec)

Query OK, 1 row affected (0.07 sec)

Query OK, 1 row affected (0.06 sec)

Query OK, 1 row affected (0.07 sec)

Query OK, 1 row affected (0.07 sec)

Query OK, 1 row affected (0.07 sec)

Query OK, 1 row affected (0.07 sec)

Query OK, 1 row affected (0.07 sec)

Query OK, 1 row affected (0.07 sec)

Query OK, 1 row affected (0.07 sec)

ERROR 1064 (42000): You have an error in your SQL syntax; check the manual that corresponds to your MySQL server version for the right syntax to use near 'Procedure)
VALUES ('09', '11111AAAAA', '05/08/2016', 'Oil Change')' at line 1
ERROR 1064 (42000): You have an error in your SQL syntax; check the manual that corresponds to your MySQL server version for the right syntax to use near 'Procedure)
VALUES ('10', '22222BBBBB', '07/27/2016', 'Tire Replacement')' at line 1
ERROR 1064 (42000): You have an error in your SQL syntax; check the manual that corresponds to your MySQL server version for the right syntax to use near 'Procedure)
VALUES ('11', '33333CCCCC', '11/27/2016', 'Annual Maintenance')' at line 1
ERROR 1064 (42000): You have an error in your SQL syntax; check the manual that corresponds to your MySQL server version for the right syntax to use near 'Procedure)
VALUES ('12', '44444DDDDD', '02/08/2017', 'Alignment Check')' at line 1
ERROR 1064 (42000): You have an error in your SQL syntax; check the manual that corresponds to your MySQL server version for the right syntax to use near 'Procedure)
VALUES ('11', '55555EEEEE', '03/11/2017', 'Filter Change')' at line 1
ERROR 1064 (42000): You have an error in your SQL syntax; check the manual that corresponds to your MySQL server version for the right syntax to use near 'Procedure)
VALUES ('10', '22222BBBBB', '04/19/2017', 'Oil Change')' at line 1
ERROR 1452 (23000): Cannot add or update a child row: a foreign key constraint fails (`gwrental`.`RESERVES`, CONSTRAINT `RESERVES_ibfk_2` FOREIGN KEY (`ReservationID`) REFERENCES `RESERVATION` (`ReservationID`))
ERROR 1452 (23000): Cannot add or update a child row: a foreign key constraint fails (`gwrental`.`RESERVES`, CONSTRAINT `RESERVES_ibfk_1` FOREIGN KEY (`VIN`) REFERENCES `VEHICLE` (`VIN`))
ERROR 1452 (23000): Cannot add or update a child row: a foreign key constraint fails (`gwrental`.`RESERVES`, CONSTRAINT `RESERVES_ibfk_1` FOREIGN KEY (`VIN`) REFERENCES `VEHICLE` (`VIN`))
ERROR 1452 (23000): Cannot add or update a child row: a foreign key constraint fails (`gwrental`.`RESERVES`, CONSTRAINT `RESERVES_ibfk_1` FOREIGN KEY (`VIN`) REFERENCES `VEHICLE` (`VIN`))
ERROR 1452 (23000): Cannot add or update a child row: a foreign key constraint fails (`gwrental`.`RESERVES`, CONSTRAINT `RESERVES_ibfk_1` FOREIGN KEY (`VIN`) REFERENCES `VEHICLE` (`VIN`))
ERROR 1452 (23000): Cannot add or update a child row: a foreign key constraint fails (`gwrental`.`INCLUDES`, CONSTRAINT `INCLUDES_ibfk_2` FOREIGN KEY (`ReservationID`) REFERENCES `RESERVATION` (`ReservationID`))
ERROR 1452 (23000): Cannot add or update a child row: a foreign key constraint fails (`gwrental`.`INCLUDES`, CONSTRAINT `INCLUDES_ibfk_2` FOREIGN KEY (`ReservationID`) REFERENCES `RESERVATION` (`ReservationID`))
ERROR 1452 (23000): Cannot add or update a child row: a foreign key constraint fails (`gwrental`.`INCLUDES`, CONSTRAINT `INCLUDES_ibfk_2` FOREIGN KEY (`ReservationID`) REFERENCES `RESERVATION` (`ReservationID`))
ERROR 1452 (23000): Cannot add or update a child row: a foreign key constraint fails (`gwrental`.`INCLUDES`, CONSTRAINT `INCLUDES_ibfk_2` FOREIGN KEY (`ReservationID`) REFERENCES `RESERVATION` (`ReservationID`))
mysql> show databases;
Ctrl-C -- sending "KILL QUERY 106" to server ...
Ctrl-C -- query aborted.
Ctrl-C -- sending "KILL 106" to server ...
Ctrl-C -- query aborted.
Ctrl-C -- exit!
Aborted
ERROR 1045 (28000): Access denied for user 'gw'@'162-193-95-74.lightspeed.mssnks.sbcglobal.net' (using password: YES)
Welcome to the MySQL monitor.  Commands end with ; or \g.
Your MySQL connection id is 141
Server version: 5.6.27-log MySQL Community Server (GPL)

Copyright (c) 2000, 2013, Oracle and/or its affiliates. All rights reserved.

Oracle is a registered trademark of Oracle Corporation and/or its
affiliates. Other names may be trademarks of their respective
owners.

Type 'help;' or '\h' for help. Type '\c' to clear the current input statement.

mysql> show databases;
+--------------------+
| Database           |
+--------------------+
| information_schema |
| gwrental           |
| innodb             |
| mysql              |
| performance_schema |
| sys                |
+--------------------+
6 rows in set (0.07 sec)

mysql> drop database gw rental;
ERROR 1064 (42000): You have an error in your SQL syntax; check the manual that corresponds to your MySQL server version for the right syntax to use near 'rental' at line 1
mysql> drop database gwrental;
Query OK, 10 rows affected (0.13 sec)

mysql> create gwrental;
ERROR 1064 (42000): You have an error in your SQL syntax; check the manual that corresponds to your MySQL server version for the right syntax to use near 'gwrental' at line 1
mysql> create database gwrental;
Query OK, 1 row affected (0.07 sec)

